// Jest Snapshot v1, https://goo.gl/fbAQLP

exports[`Tests on LoginPage component should match snapshot 1`] = `
<div
  className="flex relative items-center right-16"
>
  <div
    className="absolute -right-32 z-10 space-y-8 bg-gray-100 border border-dark-lava p-10 rounded-lg shadow-lg text-center"
  >
    <h1
      className="text-dark-lava font-abril text-6xl"
    >
      Log 
      <span
        className="text-melon"
      >
        in
      </span>
    </h1>
    <div>
      <form
        className="space-y-3"
        onSubmit={[Function]}
      >
        <input
          className="block p-2 bg-gray-200 focus:outline-none placeholder-middle-gray text-dark-lava rounded-md w-full"
          name="email"
          onChange={[Function]}
          placeholder="Email"
          type="email"
          value=""
        />
        <input
          className="block p-2 bg-gray-200 focus:outline-none placeholder-middle-gray text-dark-lava rounded-md w-full"
          name="password"
          onChange={[Function]}
          placeholder="Password"
          type="password"
          value=""
        />
        <button
          className="block font-bold p-2 bg-melon text-dark-lava rounded-md w-full"
          type="submit"
        >
          Log In
        </button>
      </form>
      <div
        className="mt-2"
      >
        <p
          className="text-dark-lava"
        >
          Don't have an account?
           
          <a
            href="/auth/signup"
            onClick={[Function]}
          >
            <span
              className="text-melon font-bold"
            >
              Sign up
            </span>
          </a>
        </p>
      </div>
    </div>
  </div>
  <div
    className="relative z-0"
  >
    <img
      alt="plants"
      className="border border-dark-lava rounded-2xl"
      src="https://cdn.pixabay.com/photo/2021/07/25/16/13/plants-6492284_960_720.jpg"
    />
  </div>
</div>
`;
